// Jest Snapshot v1, https://goo.gl/fbAQLP

exports[`GameRound component renders GameRound 1`] = `
<View>
  <Text>
    Round: 
    2
  </Text>
</View>
`;
